// Jest Snapshot v1, https://goo.gl/fbAQLP

exports[`<Main /> should render the heading with the right text and backgroudn color 1`] = `
.c0 {
  background-color: #333333;
  color: #fff;
  width: 100%;
  height: 100vh;
  padding: 3rem;
  text-align: center;
  display: flex;
  flex-direction: column;
  align-items: center;
  justify-content: center;
}

.c1 {
  font-size: 2.5rem;
}

.c2 {
  font-size: 2rem;
  font-weight: 400;
}

<main
  class="c0"
  data-testid="main"
>
  <h1
    class="c1"
  >
    Next.js Template
  </h1>
  <h2
    class="c2"
  >
    Start your new project from here...
  </h2>
</main>
`;
